02:32:12.187 INFO  util.BaseTest - ++TEST++ test001_login_facebook STARTING...
02:32:37.331 INFO  util.BaseTest - ++TEST++ test001_login_facebook COMPLETED
